// Jest Snapshot v1, https://goo.gl/fbAQLP

exports[`FormGroup should render passed props. 1`] = `
<div
  className="item"
>
  <label>
    test
  </label>
  <div
    className="field"
  >
    Test
  </div>
</div>
`;
