// Jest Snapshot v1, https://goo.gl/fbAQLP

exports[`renders error 1`] = `
ShallowWrapper {
  "complexSelector": ComplexSelector {
    "buildPredicate": [Function],
    "childrenOfNode": [Function],
    "findWhereUnwrapped": [Function],
  },
  "length": 1,
  "node": <select
    className="form-control"
    name="test"
>
    <option
        value="1"
    >
        option 1
    </option>
</select>,
  "nodes": Array [
    <select
      className="form-control"
      name="test"
>
      <option
            value="1"
      >
            option 1
      </option>
</select>,
  ],
  "options": Object {},
  "renderer": ReactShallowRenderer {
    "_instance": ShallowComponentWrapper {
      "_calledComponentWillUnmount": false,
      "_compositeType": 2,
      "_context": Object {},
      "_currentElement": <Select
        name="test"
>
        <option
                value="1"
        >
                option 1
        </option>
</Select>,
      "_debugID": 1,
      "_hostContainerInfo": null,
      "_hostParent": null,
      "_instance": StatelessComponent {
        "_reactInternalInstance": [Circular],
        "context": Object {},
        "props": Object {
          "children": <option
            value="1"
>
            option 1
</option>,
          "name": "test",
        },
        "refs": Object {},
        "state": null,
        "updater": Object {
          "enqueueCallback": [Function],
          "enqueueCallbackInternal": [Function],
          "enqueueElementInternal": [Function],
          "enqueueForceUpdate": [Function],
          "enqueueReplaceState": [Function],
          "enqueueSetState": [Function],
          "isMounted": [Function],
          "validateCallback": [Function],
        },
      },
      "_mountOrder": 1,
      "_pendingCallbacks": null,
      "_pendingElement": null,
      "_pendingForceUpdate": false,
      "_pendingReplaceState": false,
      "_pendingStateQueue": null,
      "_renderedComponent": NoopInternalComponent {
        "_currentElement": <select
          className="form-control"
          name="test"
>
          <option
                    value="1"
          >
                    option 1
          </option>
</select>,
        "_debugID": 2,
        "_renderedOutput": <select
          className="form-control"
          name="test"
>
          <option
                    value="1"
          >
                    option 1
          </option>
</select>,
      },
      "_renderedNodeType": 0,
      "_rootNodeID": 0,
      "_topLevelWrapper": null,
      "_updateBatchNumber": null,
      "_warnedAboutRefsInRender": false,
    },
    "getRenderOutput": [Function],
    "render": [Function],
  },
  "root": [Circular],
  "unrendered": <Select
    name="test"
>
    <option
        value="1"
    >
        option 1
    </option>
</Select>,
}
`;
