// Jest Snapshot v1, https://goo.gl/fbAQLP

exports[`LoginForm should render error if not empty \`error\` props. 1`] = `
<styled.form
  onSubmit={[Function]}
>
  <FormGroup
    label="Username"
  >
    <Field
      component={[Function]}
      name="username"
      type="text"
    />
  </FormGroup>
  <FormGroup
    label="Password"
  >
    <Field
      component={[Function]}
      name="password"
      type="password"
    />
  </FormGroup>
  <styled.div>
    <span>
      Oops, An expected error seems to have occurred.
    </span>
  </styled.div>
  <styled.div>
    <Button
      color="primary"
      type="submit"
      value="Login"
    />
  </styled.div>
</styled.form>
`;
