// Jest Snapshot v1, https://goo.gl/fbAQLP

exports[`renders without crashing 1`] = `
ShallowWrapper {
  "complexSelector": ComplexSelector {
    "buildPredicate": [Function],
    "childrenOfNode": [Function],
    "findWhereUnwrapped": [Function],
  },
  "length": 1,
  "node": <nav
    className="nav"
>
    <div
        className="main"
    >
        <ul>
            <li>
                <NavLink
                    activeClassName="active"
                    ariaCurrent="true"
                    exact={true}
                    to="/"
                >
                    Home
                </NavLink>
            </li>
            <li>
                <NavLink
                    activeClassName="active"
                    ariaCurrent="true"
                    to="/events"
                >
                    Events
                </NavLink>
            </li>
            <li>
                <NavLink
                    activeClassName="active"
                    ariaCurrent="true"
                    to="/posts"
                >
                    Posts
                </NavLink>
            </li>
        </ul>
    </div>
    <aside
        className="tool"
    />
</nav>,
  "nodes": Array [
    <nav
      className="nav"
>
      <div
            className="main"
      >
            <ul>
                  <li>
                        <NavLink
                              activeClassName="active"
                              ariaCurrent="true"
                              exact={true}
                              to="/"
                        >
                              Home
                        </NavLink>
                  </li>
                  <li>
                        <NavLink
                              activeClassName="active"
                              ariaCurrent="true"
                              to="/events"
                        >
                              Events
                        </NavLink>
                  </li>
                  <li>
                        <NavLink
                              activeClassName="active"
                              ariaCurrent="true"
                              to="/posts"
                        >
                              Posts
                        </NavLink>
                  </li>
            </ul>
      </div>
      <aside
            className="tool"
      />
</nav>,
  ],
  "options": Object {},
  "renderer": ReactShallowRenderer {
    "_instance": ShallowComponentWrapper {
      "_calledComponentWillUnmount": false,
      "_compositeType": 2,
      "_context": Object {},
      "_currentElement": <Nav />,
      "_debugID": 1,
      "_hostContainerInfo": null,
      "_hostParent": null,
      "_instance": StatelessComponent {
        "_reactInternalInstance": [Circular],
        "context": Object {},
        "props": Object {},
        "refs": Object {},
        "state": null,
        "updater": Object {
          "enqueueCallback": [Function],
          "enqueueCallbackInternal": [Function],
          "enqueueElementInternal": [Function],
          "enqueueForceUpdate": [Function],
          "enqueueReplaceState": [Function],
          "enqueueSetState": [Function],
          "isMounted": [Function],
          "validateCallback": [Function],
        },
      },
      "_mountOrder": 1,
      "_pendingCallbacks": null,
      "_pendingElement": null,
      "_pendingForceUpdate": false,
      "_pendingReplaceState": false,
      "_pendingStateQueue": null,
      "_renderedComponent": NoopInternalComponent {
        "_currentElement": <nav
          className="nav"
>
          <div
                    className="main"
          >
                    <ul>
                              <li>
                                        <NavLink
                                                  activeClassName="active"
                                                  ariaCurrent="true"
                                                  exact={true}
                                                  to="/"
                                        >
                                                  Home
                                        </NavLink>
                              </li>
                              <li>
                                        <NavLink
                                                  activeClassName="active"
                                                  ariaCurrent="true"
                                                  to="/events"
                                        >
                                                  Events
                                        </NavLink>
                              </li>
                              <li>
                                        <NavLink
                                                  activeClassName="active"
                                                  ariaCurrent="true"
                                                  to="/posts"
                                        >
                                                  Posts
                                        </NavLink>
                              </li>
                    </ul>
          </div>
          <aside
                    className="tool"
          />
</nav>,
        "_debugID": 2,
        "_renderedOutput": <nav
          className="nav"
>
          <div
                    className="main"
          >
                    <ul>
                              <li>
                                        <NavLink
                                                  activeClassName="active"
                                                  ariaCurrent="true"
                                                  exact={true}
                                                  to="/"
                                        >
                                                  Home
                                        </NavLink>
                              </li>
                              <li>
                                        <NavLink
                                                  activeClassName="active"
                                                  ariaCurrent="true"
                                                  to="/events"
                                        >
                                                  Events
                                        </NavLink>
                              </li>
                              <li>
                                        <NavLink
                                                  activeClassName="active"
                                                  ariaCurrent="true"
                                                  to="/posts"
                                        >
                                                  Posts
                                        </NavLink>
                              </li>
                    </ul>
          </div>
          <aside
                    className="tool"
          />
</nav>,
      },
      "_renderedNodeType": 0,
      "_rootNodeID": 0,
      "_topLevelWrapper": null,
      "_updateBatchNumber": null,
      "_warnedAboutRefsInRender": false,
    },
    "getRenderOutput": [Function],
    "render": [Function],
  },
  "root": [Circular],
  "unrendered": <Nav />,
}
`;
